// Jest Snapshot v1, https://goo.gl/fbAQLP

exports[`Storyshots Dialog Default 1`] = `
<div>
  <button
    class="inline-block bg-blue-200 text-blue-900 rounded py-2 px-4"
    type="button"
  >
    Open dialog
  </button>
   
  <div
    aria-labelledby="dialog-title"
    class="w-full sm:w-3/4 md:w-1/2 lg:w-1/3 v-portal"
    style="display: none;"
  />
</div>
`;

exports[`Storyshots Dialog Nested 1`] = `
<div>
  <button
    class="inline-block bg-blue-200 text-blue-900 rounded py-2 px-4"
    type="button"
  >
    Open dialog
  </button>
   
  <div
    aria-labelledby="dialog-title"
    class="w-full sm:w-3/4 md:w-1/2 lg:w-1/3 v-portal"
    style="display: none;"
  />
   
  <div
    aria-labelledby="dialog-title"
    class="w-full sm:w-3/4 md:w-1/2 lg:w-1/3 v-portal"
    style="display: none;"
  />
</div>
`;

exports[`Storyshots Dialog Open By Default 1`] = `
<div>
  <button
    class="inline-block bg-blue-200 text-blue-900 rounded py-2 px-4"
    type="button"
  >
    Open dialog
  </button>
   
  <div
    aria-labelledby="dialog-title"
    class="w-full sm:w-3/4 md:w-1/2 lg:w-1/3 v-portal"
    style="display: none;"
  />
</div>
`;

exports[`Storyshots Dialog With Transition 1`] = `
<div>
  <button
    class="inline-block bg-blue-200 text-blue-900 rounded py-2 px-4"
    type="button"
  >
    Open dialog
  </button>
   
  <div
    aria-labelledby="dialog-title"
    class="w-full sm:w-3/4 md:w-1/2 lg:w-1/3 v-portal"
    style="display: none;"
  />
</div>
`;
